[dotenv@17.3.1] injecting env (5) from .env -- tip: ≡ƒñû agentic secret storage: https://dotenvx.com/as2
Testing Gemini API Key...

Testing OpenAI API Key...
